current directory: /rails/vendor/bundle/ruby/3.3.0/gems/date-3.5.0/ext/date
/usr/local/bin/ruby extconf.rb
checking for rb_category_warn()... yes
checking for timezone in time.h with  -Werror... yes
checking for altzone in time.h with  -Werror... no
creating Makefile

current directory: /rails/vendor/bundle/ruby/3.3.0/gems/date-3.5.0/ext/date
make DESTDIR\= sitearchdir\=./.gem.20260313-7-t4zycp sitelibdir\=./.gem.20260313-7-t4zycp clean

current directory: /rails/vendor/bundle/ruby/3.3.0/gems/date-3.5.0/ext/date
make DESTDIR\= sitearchdir\=./.gem.20260313-7-t4zycp sitelibdir\=./.gem.20260313-7-t4zycp
compiling date_core.c
compiling date_parse.c
compiling date_strftime.c
compiling date_strptime.c
linking shared-object date_core.so

current directory: /rails/vendor/bundle/ruby/3.3.0/gems/date-3.5.0/ext/date
make DESTDIR\= sitearchdir\=./.gem.20260313-7-t4zycp sitelibdir\=./.gem.20260313-7-t4zycp install
/usr/bin/install -c -m 0755 date_core.so ./.gem.20260313-7-t4zycp

current directory: /rails/vendor/bundle/ruby/3.3.0/gems/date-3.5.0/ext/date
make DESTDIR\= sitearchdir\=./.gem.20260313-7-t4zycp sitelibdir\=./.gem.20260313-7-t4zycp clean
